package test

import (
	"github.com/samber/lo"
	// want "The github.com/samber/lo package import is no longer necessary"
)

func _(a []string) {
	lo.Keyify(a)
	a[2:]        // want `lo.Drop can be replaced with builtin`
	a[:len(a)-2] // want `lo.DropRight can be replaced with builtin`
}
